Release 14.5 - xst P.58f (nt64)
Copyright (c) 1995-2012 Xilinx, Inc.  All rights reserved.
--> Parameter TMPDIR set to xst/projnav.tmp


Total REAL time to Xst completion: 0.00 secs
Total CPU time to Xst completion: 0.19 secs
 
--> Parameter xsthdpdir set to xst


Total REAL time to Xst completion: 0.00 secs
Total CPU time to Xst completion: 0.19 secs
 
--> Reading design: tp.prj

TABLE OF CONTENTS
  1) Synthesis Options Summary
  2) HDL Compilation
  3) Design Hierarchy Analysis
  4) HDL Analysis
  5) HDL Synthesis
     5.1) HDL Synthesis Report
  6) Advanced HDL Synthesis
     6.1) Advanced HDL Synthesis Report
  7) Low Level Synthesis
  8) Partition Report
  9) Final Report
	9.1) Device utilization summary
	9.2) Partition Resource Summary
	9.3) TIMING REPORT


=========================================================================
*                      Synthesis Options Summary                        *
=========================================================================
---- Source Parameters
Input File Name                    : "tp.prj"
Input Format                       : mixed
Ignore Synthesis Constraint File   : NO

---- Target Parameters
Output File Name                   : "tp"
Output Format                      : NGC
Target Device                      : xc3s500e-4-fg320

---- Source Options
Top Module Name                    : tp
Automatic FSM Extraction           : YES
FSM Encoding Algorithm             : Auto
Safe Implementation                : No
FSM Style                          : LUT
RAM Extraction                     : Yes
RAM Style                          : Auto
ROM Extraction                     : Yes
Mux Style                          : Auto
Decoder Extraction                 : YES
Priority Encoder Extraction        : Yes
Shift Register Extraction          : YES
Logical Shifter Extraction         : YES
XOR Collapsing                     : YES
ROM Style                          : Auto
Mux Extraction                     : Yes
Resource Sharing                   : YES
Asynchronous To Synchronous        : NO
Multiplier Style                   : Auto
Automatic Register Balancing       : No

---- Target Options
Add IO Buffers                     : YES
Global Maximum Fanout              : 100000
Add Generic Clock Buffer(BUFG)     : 24
Register Duplication               : YES
Slice Packing                      : YES
Optimize Instantiated Primitives   : NO
Use Clock Enable                   : Yes
Use Synchronous Set                : Yes
Use Synchronous Reset              : Yes
Pack IO Registers into IOBs        : Auto
Equivalent register Removal        : YES

---- General Options
Optimization Goal                  : Speed
Optimization Effort                : 1
Keep Hierarchy                     : No
Netlist Hierarchy                  : As_Optimized
RTL Output                         : Yes
Global Optimization                : AllClockNets
Read Cores                         : YES
Write Timing Constraints           : NO
Cross Clock Analysis               : NO
Hierarchy Separator                : /
Bus Delimiter                      : <>
Case Specifier                     : Maintain
Slice Utilization Ratio            : 100
BRAM Utilization Ratio             : 100
Verilog 2001                       : YES
Auto BRAM Packing                  : NO
Slice Utilization Ratio Delta      : 5

=========================================================================


=========================================================================
*                          HDL Compilation                              *
=========================================================================
Compiling vhdl file "C:/Users/FedeA/Facu/Sistemas Digitales/workspace/sistemas-digitales/TP1/tp1/ise_contador.vhd" in Library work.
Architecture behavioral of Entity counter is up to date.
Compiling vhdl file "C:/Users/FedeA/Facu/Sistemas Digitales/workspace/sistemas-digitales/TP1/tp1/ise_bcd.vhd" in Library work.
Architecture behavioral of Entity bits_to_an is up to date.
Compiling vhdl file "C:/Users/FedeA/Facu/Sistemas Digitales/workspace/sistemas-digitales/TP1/tp1/ise_mux.vhd" in Library work.
Architecture behavioral of Entity mux2 is up to date.
Compiling vhdl file "C:/Users/FedeA/Facu/Sistemas Digitales/workspace/sistemas-digitales/TP1/tp1/ise_bcd7.vhd" in Library work.
Architecture behavioral of Entity bcd_to_7seg is up to date.
Compiling vhdl file "C:/Users/FedeA/Facu/Sistemas Digitales/workspace/sistemas-digitales/TP1/tp1/ise_generador.vhd" in Library work.
Architecture beh of Entity generador is up to date.
Compiling vhdl file "C:/Users/FedeA/Facu/Sistemas Digitales/workspace/sistemas-digitales/TP1/tp1/ise_controlador.vhd" in Library work.
Architecture behavioral of Entity disp_ctrl is up to date.
Compiling vhdl file "C:/Users/FedeA/Facu/Sistemas Digitales/workspace/sistemas-digitales/TP1/tp1/ise_cont4_dig.vhd" in Library work.
Entity <contador_4dig> compiled.
Entity <contador_4dig> (Architecture <behavioral>) compiled.
Compiling vhdl file "C:/Users/FedeA/Facu/Sistemas Digitales/workspace/sistemas-digitales/TP1/tp1/ise_tp.vhd" in Library work.
Architecture behavioral of Entity tp is up to date.

=========================================================================
*                     Design Hierarchy Analysis                         *
=========================================================================
Analyzing hierarchy for entity <tp> in library <work> (architecture <behavioral>).

Analyzing hierarchy for entity <disp_ctrl> in library <work> (architecture <Behavioral>).

Analyzing hierarchy for entity <generador> in library <work> (architecture <Beh>) with generics.
	N = 50000000

Analyzing hierarchy for entity <contador_4dig> in library <work> (architecture <Behavioral>).

Analyzing hierarchy for entity <counter> in library <work> (architecture <Behavioral>) with generics.
	N = 2

Analyzing hierarchy for entity <bits_to_an> in library <work> (architecture <Behavioral>).

Analyzing hierarchy for entity <mux2> in library <work> (architecture <Behavioral>).

Analyzing hierarchy for entity <bcd_to_7seg> in library <work> (architecture <Behavioral>).

Analyzing hierarchy for entity <generador> in library <work> (architecture <Beh>) with generics.
	N = 50000

Analyzing hierarchy for entity <counter> in library <work> (architecture <Behavioral>) with generics.
	N = 4


=========================================================================
*                            HDL Analysis                               *
=========================================================================
Analyzing Entity <tp> in library <work> (Architecture <behavioral>).
Entity <tp> analyzed. Unit <tp> generated.

Analyzing Entity <disp_ctrl> in library <work> (Architecture <Behavioral>).
WARNING:Xst:753 - "C:/Users/FedeA/Facu/Sistemas Digitales/workspace/sistemas-digitales/TP1/tp1/ise_controlador.vhd" line 21: Unconnected output port 'over' of component 'counter'.
Entity <disp_ctrl> analyzed. Unit <disp_ctrl> generated.

Analyzing generic Entity <counter.1> in library <work> (Architecture <Behavioral>).
	N = 2
Entity <counter.1> analyzed. Unit <counter.1> generated.

Analyzing Entity <bits_to_an> in library <work> (Architecture <Behavioral>).
INFO:Xst:1561 - "C:/Users/FedeA/Facu/Sistemas Digitales/workspace/sistemas-digitales/TP1/tp1/ise_bcd.vhd" line 17: Mux is complete : default of case is discarded
Entity <bits_to_an> analyzed. Unit <bits_to_an> generated.

Analyzing Entity <mux2> in library <work> (Architecture <Behavioral>).
INFO:Xst:1561 - "C:/Users/FedeA/Facu/Sistemas Digitales/workspace/sistemas-digitales/TP1/tp1/ise_mux.vhd" line 20: Mux is complete : default of case is discarded
Entity <mux2> analyzed. Unit <mux2> generated.

Analyzing Entity <bcd_to_7seg> in library <work> (Architecture <Behavioral>).
Entity <bcd_to_7seg> analyzed. Unit <bcd_to_7seg> generated.

Analyzing generic Entity <generador.2> in library <work> (Architecture <Beh>).
	N = 50000
Entity <generador.2> analyzed. Unit <generador.2> generated.

Analyzing generic Entity <generador.1> in library <work> (Architecture <Beh>).
	N = 50000000
Entity <generador.1> analyzed. Unit <generador.1> generated.

Analyzing Entity <contador_4dig> in library <work> (Architecture <Behavioral>).
WARNING:Xst:753 - "C:/Users/FedeA/Facu/Sistemas Digitales/workspace/sistemas-digitales/TP1/tp1/ise_cont4_dig.vhd" line 24: Unconnected output port 'over' of component 'counter'.
INFO:Xst:2679 - Register <o0> in unit <contador_4dig> has a constant value of 0000 during circuit operation. The register is replaced by logic.
INFO:Xst:2679 - Register <o1> in unit <contador_4dig> has a constant value of 0000 during circuit operation. The register is replaced by logic.
INFO:Xst:2679 - Register <o2> in unit <contador_4dig> has a constant value of 0000 during circuit operation. The register is replaced by logic.
INFO:Xst:2679 - Register <o3> in unit <contador_4dig> has a constant value of 0000 during circuit operation. The register is replaced by logic.
ERROR:Xst:827 - "C:/Users/FedeA/Facu/Sistemas Digitales/workspace/sistemas-digitales/TP1/tp1/ise_cont4_dig.vhd" line 30: Signal out0 cannot be synthesized, bad synchronous description. The description style you are using to describe a synchronous element (register, memory, etc.) is not supported in the current software release.
--> 

Total memory usage is 226720 kilobytes

Number of errors   :    1 (   0 filtered)
Number of warnings :    2 (   0 filtered)
Number of infos    :    6 (   0 filtered)

