AR sigma behavioral "C:/Users/FedeA/Facu/Sistemas Digitales/workspace/sistemas-digitales/TP2/TP2/sigma.vhd" sub00/vhpl19 1430274007
AR disp_ctrl behavioral "C:/Users/FedeA/Facu/Sistemas Digitales/workspace/sistemas-digitales/TP2/TP2/ctrl_disp.vhd" sub00/vhpl15 1430274005
AR counter behavioral "C:/Users/FedeA/Facu/Sistemas Digitales/workspace/sistemas-digitales/TP2/TP2/contador.vhd" sub00/vhpl01 1430273989
EN sigma NULL "C:/Users/FedeA/Facu/Sistemas Digitales/workspace/sistemas-digitales/TP2/TP2/sigma.vhd" sub00/vhpl16 1430274006
AR generador beh "C:/Users/FedeA/Facu/Sistemas Digitales/workspace/sistemas-digitales/TP2/TP2/generador.vhd" sub00/vhpl03 1430273991
EN mux2 NULL "C:/Users/FedeA/Facu/Sistemas Digitales/workspace/sistemas-digitales/TP2/TP2/multiplexor.vhd" sub00/vhpl10 1430274000
EN dff NULL "C:/Users/FedeA/Facu/Sistemas Digitales/workspace/sistemas-digitales/TP2/TP2/dff.vhd" sub00/vhpl04 1430273992
AR bits_to_an behavioral "C:/Users/FedeA/Facu/Sistemas Digitales/workspace/sistemas-digitales/TP2/TP2/anodos.vhd" sub00/vhpl09 1430273999
AR tp behavioral "C:/Users/FedeA/Facu/Sistemas Digitales/workspace/sistemas-digitales/TP2/TP2/topunit.vhd" sub00/vhpl21 1430274009
AR mux2 behavioral "C:/Users/FedeA/Facu/Sistemas Digitales/workspace/sistemas-digitales/TP2/TP2/multiplexor.vhd" sub00/vhpl11 1430274001
AR bcd_to_7seg behavioral "C:/Users/FedeA/Facu/Sistemas Digitales/workspace/sistemas-digitales/TP2/TP2/bcd7seg.vhd" sub00/vhpl13 1430274003
AR reg4 behavioral "C:/Users/FedeA/Facu/Sistemas Digitales/workspace/sistemas-digitales/TP2/TP2/register.vhd" sub00/vhpl18 1430273997
EN counter NULL "C:/Users/FedeA/Facu/Sistemas Digitales/workspace/sistemas-digitales/TP2/TP2/contador.vhd" sub00/vhpl00 1430273988
EN generador NULL "C:/Users/FedeA/Facu/Sistemas Digitales/workspace/sistemas-digitales/TP2/TP2/generador.vhd" sub00/vhpl02 1430273990
AR cont_bcd behavioral "C:/Users/FedeA/Facu/Sistemas Digitales/workspace/sistemas-digitales/TP2/TP2/cont_bcd.vhd" sub00/vhpl07 1430273995
EN tp NULL "C:/Users/FedeA/Facu/Sistemas Digitales/workspace/sistemas-digitales/TP2/TP2/topunit.vhd" sub00/vhpl20 1430274008
EN disp_ctrl NULL "C:/Users/FedeA/Facu/Sistemas Digitales/workspace/sistemas-digitales/TP2/TP2/ctrl_disp.vhd" sub00/vhpl14 1430274004
EN bcd_to_7seg NULL "C:/Users/FedeA/Facu/Sistemas Digitales/workspace/sistemas-digitales/TP2/TP2/bcd7seg.vhd" sub00/vhpl12 1430274002
EN bits_to_an NULL "C:/Users/FedeA/Facu/Sistemas Digitales/workspace/sistemas-digitales/TP2/TP2/anodos.vhd" sub00/vhpl08 1430273998
AR dff behavioral "C:/Users/FedeA/Facu/Sistemas Digitales/workspace/sistemas-digitales/TP2/TP2/dff.vhd" sub00/vhpl05 1430273993
EN reg4 NULL "C:/Users/FedeA/Facu/Sistemas Digitales/workspace/sistemas-digitales/TP2/TP2/register.vhd" sub00/vhpl17 1430273996
EN cont_bcd NULL "C:/Users/FedeA/Facu/Sistemas Digitales/workspace/sistemas-digitales/TP2/TP2/cont_bcd.vhd" sub00/vhpl06 1430273994
