AR sigma behavioral "C:/Users/FedeA/Facu/Sistemas Digitales/workspace/sistemas-digitales/TP2/TP2/sigma.vhd" sub00/vhpl19 1431919145
AR disp_ctrl behavioral "C:/Users/FedeA/Facu/Sistemas Digitales/workspace/sistemas-digitales/TP2/TP2/ctrl_disp.vhd" sub00/vhpl15 1431919143
AR counter behavioral "C:/Users/FedeA/Facu/Sistemas Digitales/workspace/sistemas-digitales/TP2/TP2/contador.vhd" sub00/vhpl01 1431919123
EN sigma NULL "C:/Users/FedeA/Facu/Sistemas Digitales/workspace/sistemas-digitales/TP2/TP2/sigma.vhd" sub00/vhpl16 1431919144
AR generador beh "C:/Users/FedeA/Facu/Sistemas Digitales/workspace/sistemas-digitales/TP2/TP2/generador.vhd" sub00/vhpl03 1431919125
EN mux2 NULL "C:/Users/FedeA/Facu/Sistemas Digitales/workspace/sistemas-digitales/TP2/TP2/multiplexor.vhd" sub00/vhpl10 1431919138
EN dff NULL "C:/Users/FedeA/Facu/Sistemas Digitales/workspace/sistemas-digitales/TP2/TP2/dff.vhd" sub00/vhpl04 1431919130
EN vga_ctrl NULL "C:/Users/FedeA/Facu/Sistemas Digitales/workspace/sistemas-digitales/TP2/TP2/vga_ctrl.vhd" sub00/vhpl22 1431919146
AR bits_to_an behavioral "C:/Users/FedeA/Facu/Sistemas Digitales/workspace/sistemas-digitales/TP2/TP2/anodos.vhd" sub00/vhpl09 1431919137
AR tp behavioral "C:/Users/FedeA/Facu/Sistemas Digitales/workspace/sistemas-digitales/TP2/TP2/topunit.vhd" sub00/vhpl21 1431919149
AR mux2 behavioral "C:/Users/FedeA/Facu/Sistemas Digitales/workspace/sistemas-digitales/TP2/TP2/multiplexor.vhd" sub00/vhpl11 1431919139
EN ram_array NULL "C:/Users/FedeA/Facu/Sistemas Digitales/workspace/sistemas-digitales/TP2/TP2/ram_array_vhd.vhd" sub00/vhpl26 1431919126
AR bcd_to_7seg behavioral "C:/Users/FedeA/Facu/Sistemas Digitales/workspace/sistemas-digitales/TP2/TP2/bcd7seg.vhd" sub00/vhpl13 1431919141
AR ram_array beh "C:/Users/FedeA/Facu/Sistemas Digitales/workspace/sistemas-digitales/TP2/TP2/ram_array_vhd.vhd" sub00/vhpl27 1431919127
AR vga_ctrl vga_ctrl_arq "C:/Users/FedeA/Facu/Sistemas Digitales/workspace/sistemas-digitales/TP2/TP2/vga_ctrl.vhd" sub00/vhpl23 1431919147
AR reg4 behavioral "C:/Users/FedeA/Facu/Sistemas Digitales/workspace/sistemas-digitales/TP2/TP2/register.vhd" sub00/vhpl18 1431919135
EN counter NULL "C:/Users/FedeA/Facu/Sistemas Digitales/workspace/sistemas-digitales/TP2/TP2/contador.vhd" sub00/vhpl00 1431919122
EN generador NULL "C:/Users/FedeA/Facu/Sistemas Digitales/workspace/sistemas-digitales/TP2/TP2/generador.vhd" sub00/vhpl02 1431919124
AR cont_bcd behavioral "C:/Users/FedeA/Facu/Sistemas Digitales/workspace/sistemas-digitales/TP2/TP2/cont_bcd.vhd" sub00/vhpl07 1431919133
EN tp NULL "C:/Users/FedeA/Facu/Sistemas Digitales/workspace/sistemas-digitales/TP2/TP2/topunit.vhd" sub00/vhpl20 1431919148
EN disp_ctrl NULL "C:/Users/FedeA/Facu/Sistemas Digitales/workspace/sistemas-digitales/TP2/TP2/ctrl_disp.vhd" sub00/vhpl14 1431919142
EN bcd_to_7seg NULL "C:/Users/FedeA/Facu/Sistemas Digitales/workspace/sistemas-digitales/TP2/TP2/bcd7seg.vhd" sub00/vhpl12 1431919140
EN char_rom NULL "C:/Users/FedeA/Facu/Sistemas Digitales/workspace/sistemas-digitales/TP2/TP2/char_rom.vhd" sub00/vhpl24 1431919128
AR char_rom p "C:/Users/FedeA/Facu/Sistemas Digitales/workspace/sistemas-digitales/TP2/TP2/char_rom.vhd" sub00/vhpl25 1431919129
EN bits_to_an NULL "C:/Users/FedeA/Facu/Sistemas Digitales/workspace/sistemas-digitales/TP2/TP2/anodos.vhd" sub00/vhpl08 1431919136
AR dff behavioral "C:/Users/FedeA/Facu/Sistemas Digitales/workspace/sistemas-digitales/TP2/TP2/dff.vhd" sub00/vhpl05 1431919131
EN reg4 NULL "C:/Users/FedeA/Facu/Sistemas Digitales/workspace/sistemas-digitales/TP2/TP2/register.vhd" sub00/vhpl17 1431919134
EN cont_bcd NULL "C:/Users/FedeA/Facu/Sistemas Digitales/workspace/sistemas-digitales/TP2/TP2/cont_bcd.vhd" sub00/vhpl06 1431919132
