V3 42
FL "C:/Users/FedeA/Facu/Sistemas Digitales/workspace/sistemas-digitales/TP2/TP2/anodos.vhd" 2015/05/14.20:59:43 P.58f
EN work/bits_to_an 1431818162 \
      FL "C:/Users/FedeA/Facu/Sistemas Digitales/workspace/sistemas-digitales/TP2/TP2/anodos.vhd" \
      PB ieee/std_logic_1164 1364358218
AR work/bits_to_an/Behavioral 1431818163 \
      FL "C:/Users/FedeA/Facu/Sistemas Digitales/workspace/sistemas-digitales/TP2/TP2/anodos.vhd" \
      EN work/bits_to_an 1431818162
FL "C:/Users/FedeA/Facu/Sistemas Digitales/workspace/sistemas-digitales/TP2/TP2/bcd7seg.vhd" 2015/04/27.23:19:50 P.58f
EN work/bcd_to_7seg 1431818166 \
      FL "C:/Users/FedeA/Facu/Sistemas Digitales/workspace/sistemas-digitales/TP2/TP2/bcd7seg.vhd" \
      PB ieee/std_logic_1164 1364358218 PB ieee/STD_LOGIC_UNSIGNED 1364358221 \
      PB ieee/NUMERIC_STD 1364358223
AR work/bcd_to_7seg/Behavioral 1431818167 \
      FL "C:/Users/FedeA/Facu/Sistemas Digitales/workspace/sistemas-digitales/TP2/TP2/bcd7seg.vhd" \
      EN work/bcd_to_7seg 1431818166
FL "C:/Users/FedeA/Facu/Sistemas Digitales/workspace/sistemas-digitales/TP2/TP2/char_rom.vhd" 2015/05/13.00:09:19 P.58f
EN work/Char_ROM 1431818154 \
      FL "C:/Users/FedeA/Facu/Sistemas Digitales/workspace/sistemas-digitales/TP2/TP2/char_rom.vhd" \
      PB ieee/std_logic_1164 1364358218 PB ieee/std_logic_arith 1364358219 \
      PB ieee/STD_LOGIC_UNSIGNED 1364358221
AR work/Char_ROM/p 1431818155 \
      FL "C:/Users/FedeA/Facu/Sistemas Digitales/workspace/sistemas-digitales/TP2/TP2/char_rom.vhd" \
      EN work/Char_ROM 1431818154
FL "C:/Users/FedeA/Facu/Sistemas Digitales/workspace/sistemas-digitales/TP2/TP2/contador.vhd" 2015/04/27.22:58:02 P.58f
EN work/counter 1431818148 \
      FL "C:/Users/FedeA/Facu/Sistemas Digitales/workspace/sistemas-digitales/TP2/TP2/contador.vhd" \
      PB ieee/std_logic_1164 1364358218 PB ieee/STD_LOGIC_UNSIGNED 1364358221 \
      PB ieee/NUMERIC_STD 1364358223
AR work/counter/Behavioral 1431818149 \
      FL "C:/Users/FedeA/Facu/Sistemas Digitales/workspace/sistemas-digitales/TP2/TP2/contador.vhd" \
      EN work/counter 1431818148
FL "C:/Users/FedeA/Facu/Sistemas Digitales/workspace/sistemas-digitales/TP2/TP2/cont_bcd.vhd" 2015/05/04.18:51:42 P.58f
EN work/cont_bcd 1431818158 \
      FL "C:/Users/FedeA/Facu/Sistemas Digitales/workspace/sistemas-digitales/TP2/TP2/cont_bcd.vhd" \
      PB ieee/std_logic_1164 1364358218 PB ieee/NUMERIC_STD 1364358223
AR work/cont_bcd/Behavioral 1431818159 \
      FL "C:/Users/FedeA/Facu/Sistemas Digitales/workspace/sistemas-digitales/TP2/TP2/cont_bcd.vhd" \
      EN work/cont_bcd 1431818158 AR work/counter/Behavioral 1431818149
FL "C:/Users/FedeA/Facu/Sistemas Digitales/workspace/sistemas-digitales/TP2/TP2/ctrl_disp.vhd" 2015/04/27.23:21:07 P.58f
EN work/disp_ctrl 1431818168 \
      FL "C:/Users/FedeA/Facu/Sistemas Digitales/workspace/sistemas-digitales/TP2/TP2/ctrl_disp.vhd" \
      PB ieee/std_logic_1164 1364358218
AR work/disp_ctrl/Behavioral 1431818169 \
      FL "C:/Users/FedeA/Facu/Sistemas Digitales/workspace/sistemas-digitales/TP2/TP2/ctrl_disp.vhd" \
      EN work/disp_ctrl 1431818168 AR work/counter/Behavioral 1431818149 \
      AR work/bits_to_an/Behavioral 1431818163 AR work/mux2/Behavioral 1431818165 \
      AR work/bcd_to_7seg/Behavioral 1431818167 AR work/generador/Beh 1431818151
FL "C:/Users/FedeA/Facu/Sistemas Digitales/workspace/sistemas-digitales/TP2/TP2/dff.vhd" 2015/05/04.18:44:33 P.58f
EN work/dff 1431818156 \
      FL "C:/Users/FedeA/Facu/Sistemas Digitales/workspace/sistemas-digitales/TP2/TP2/dff.vhd" \
      PB ieee/std_logic_1164 1364358218
AR work/dff/Behavioral 1431818157 \
      FL "C:/Users/FedeA/Facu/Sistemas Digitales/workspace/sistemas-digitales/TP2/TP2/dff.vhd" \
      EN work/dff 1431818156
FL "C:/Users/FedeA/Facu/Sistemas Digitales/workspace/sistemas-digitales/TP2/TP2/generador.vhd" 2015/04/25.18:53:11 P.58f
EN work/generador 1431818150 \
      FL "C:/Users/FedeA/Facu/Sistemas Digitales/workspace/sistemas-digitales/TP2/TP2/generador.vhd" \
      PB ieee/std_logic_1164 1364358218 PB ieee/STD_LOGIC_UNSIGNED 1364358221 \
      PB ieee/NUMERIC_STD 1364358223
AR work/generador/Beh 1431818151 \
      FL "C:/Users/FedeA/Facu/Sistemas Digitales/workspace/sistemas-digitales/TP2/TP2/generador.vhd" \
      EN work/generador 1431818150
FL "C:/Users/FedeA/Facu/Sistemas Digitales/workspace/sistemas-digitales/TP2/TP2/multiplexor.vhd" 2015/05/14.21:01:20 P.58f
EN work/mux2 1431818164 \
      FL "C:/Users/FedeA/Facu/Sistemas Digitales/workspace/sistemas-digitales/TP2/TP2/multiplexor.vhd" \
      PB ieee/std_logic_1164 1364358218 PB ieee/STD_LOGIC_UNSIGNED 1364358221 \
      PB ieee/NUMERIC_STD 1364358223
AR work/mux2/Behavioral 1431818165 \
      FL "C:/Users/FedeA/Facu/Sistemas Digitales/workspace/sistemas-digitales/TP2/TP2/multiplexor.vhd" \
      EN work/mux2 1431818164
FL "C:/Users/FedeA/Facu/Sistemas Digitales/workspace/sistemas-digitales/TP2/TP2/ram_array_vhd.vhd" 2015/05/16.01:14:34 P.58f
EN work/ram_array 1431818152 \
      FL "C:/Users/FedeA/Facu/Sistemas Digitales/workspace/sistemas-digitales/TP2/TP2/ram_array_vhd.vhd" \
      PB ieee/std_logic_1164 1364358218 PB ieee/NUMERIC_STD 1364358223
AR work/ram_array/Beh 1431818153 \
      FL "C:/Users/FedeA/Facu/Sistemas Digitales/workspace/sistemas-digitales/TP2/TP2/ram_array_vhd.vhd" \
      EN work/ram_array 1431818152
FL "C:/Users/FedeA/Facu/Sistemas Digitales/workspace/sistemas-digitales/TP2/TP2/register.vhd" 2015/05/05.20:12:58 P.58f
EN work/reg4 1431818160 \
      FL "C:/Users/FedeA/Facu/Sistemas Digitales/workspace/sistemas-digitales/TP2/TP2/register.vhd" \
      PB ieee/std_logic_1164 1364358218
AR work/reg4/Behavioral 1431818161 \
      FL "C:/Users/FedeA/Facu/Sistemas Digitales/workspace/sistemas-digitales/TP2/TP2/register.vhd" \
      EN work/reg4 1431818160
FL "C:/Users/FedeA/Facu/Sistemas Digitales/workspace/sistemas-digitales/TP2/TP2/sigma.vhd" 2015/05/05.21:29:07 P.58f
EN work/sigma 1431818170 \
      FL "C:/Users/FedeA/Facu/Sistemas Digitales/workspace/sistemas-digitales/TP2/TP2/sigma.vhd" \
      PB ieee/std_logic_1164 1364358218
AR work/sigma/Behavioral 1431818171 \
      FL "C:/Users/FedeA/Facu/Sistemas Digitales/workspace/sistemas-digitales/TP2/TP2/sigma.vhd" \
      EN work/sigma 1431818170 AR work/dff/Behavioral 1431818157 \
      AR work/cont_bcd/Behavioral 1431818159 AR work/reg4/Behavioral 1431818161
FL "C:/Users/FedeA/Facu/Sistemas Digitales/workspace/sistemas-digitales/TP2/TP2/topunit.vhd" 2015/05/16.20:13:37 P.58f
EN work/tp 1431818174 \
      FL "C:/Users/FedeA/Facu/Sistemas Digitales/workspace/sistemas-digitales/TP2/TP2/topunit.vhd" \
      PB ieee/std_logic_1164 1364358218 PB ieee/NUMERIC_STD 1364358223
AR work/tp/Behavioral 1431818175 \
      FL "C:/Users/FedeA/Facu/Sistemas Digitales/workspace/sistemas-digitales/TP2/TP2/topunit.vhd" \
      EN work/tp 1431818174 AR work/disp_ctrl/Behavioral 1431818169 \
      AR work/sigma/Behavioral 1431818171 AR work/vga_ctrl/vga_ctrl_arq 1431818173
FL "C:/Users/FedeA/Facu/Sistemas Digitales/workspace/sistemas-digitales/TP2/TP2/vga_ctrl.vhd" 2015/05/16.20:15:04 P.58f
EN work/vga_ctrl 1431818172 \
      FL "C:/Users/FedeA/Facu/Sistemas Digitales/workspace/sistemas-digitales/TP2/TP2/vga_ctrl.vhd" \
      PB ieee/std_logic_1164 1364358218 PB ieee/NUMERIC_STD 1364358223
AR work/vga_ctrl/vga_ctrl_arq 1431818173 \
      FL "C:/Users/FedeA/Facu/Sistemas Digitales/workspace/sistemas-digitales/TP2/TP2/vga_ctrl.vhd" \
      EN work/vga_ctrl 1431818172 AR work/generador/Beh 1431818151 \
      AR work/ram_array/Beh 1431818153 AR work/Char_ROM/p 1431818155
