AR disp_ctrl behavioral "C:/Users/FedeA/Facu/Sistemas Digitales/workspace/sistemas-digitales/TP1/tp1/ise_controlador.vhd" sub00/vhpl11 1428967067
AR counter behavioral "C:/Users/FedeA/Facu/Sistemas Digitales/workspace/sistemas-digitales/TP1/tp1/ise_contador.vhd" sub00/vhpl01 1428967057
AR generador beh "C:/Users/FedeA/Facu/Sistemas Digitales/workspace/sistemas-digitales/TP1/tp1/ise_generador.vhd" sub00/vhpl09 1428967065
EN mux2 NULL "C:/Users/FedeA/Facu/Sistemas Digitales/workspace/sistemas-digitales/TP1/tp1/ise_mux.vhd" sub00/vhpl04 1428967060
AR bits_to_an behavioral "C:/Users/FedeA/Facu/Sistemas Digitales/workspace/sistemas-digitales/TP1/tp1/ise_bcd.vhd" sub00/vhpl03 1428967059
AR tp behavioral "C:/Users/FedeA/Facu/Sistemas Digitales/workspace/sistemas-digitales/TP1/tp1/ise_tp.vhd" sub00/vhpl15 1428967071
AR contador_4dig behavioral "C:/Users/FedeA/Facu/Sistemas Digitales/workspace/sistemas-digitales/TP1/tp1/ise_cont4_dig.vhd" sub00/vhpl13 1428967069
AR mux2 behavioral "C:/Users/FedeA/Facu/Sistemas Digitales/workspace/sistemas-digitales/TP1/tp1/ise_mux.vhd" sub00/vhpl05 1428967061
AR bcd_to_7seg behavioral "C:/Users/FedeA/Facu/Sistemas Digitales/workspace/sistemas-digitales/TP1/tp1/ise_bcd7.vhd" sub00/vhpl07 1428967063
EN contador_4dig NULL "C:/Users/FedeA/Facu/Sistemas Digitales/workspace/sistemas-digitales/TP1/tp1/ise_cont4_dig.vhd" sub00/vhpl12 1428967068
EN counter NULL "C:/Users/FedeA/Facu/Sistemas Digitales/workspace/sistemas-digitales/TP1/tp1/ise_contador.vhd" sub00/vhpl00 1428967056
EN generador NULL "C:/Users/FedeA/Facu/Sistemas Digitales/workspace/sistemas-digitales/TP1/tp1/ise_generador.vhd" sub00/vhpl08 1428967064
EN tp NULL "C:/Users/FedeA/Facu/Sistemas Digitales/workspace/sistemas-digitales/TP1/tp1/ise_tp.vhd" sub00/vhpl14 1428967070
EN disp_ctrl NULL "C:/Users/FedeA/Facu/Sistemas Digitales/workspace/sistemas-digitales/TP1/tp1/ise_controlador.vhd" sub00/vhpl10 1428967066
EN bcd_to_7seg NULL "C:/Users/FedeA/Facu/Sistemas Digitales/workspace/sistemas-digitales/TP1/tp1/ise_bcd7.vhd" sub00/vhpl06 1428967062
EN bits_to_an NULL "C:/Users/FedeA/Facu/Sistemas Digitales/workspace/sistemas-digitales/TP1/tp1/ise_bcd.vhd" sub00/vhpl02 1428967058
